[2025-09-03 23:28:35Z INFO HostContext] No proxy settings were found based on environmental variables (http_proxy/https_proxy/HTTP_PROXY/HTTPS_PROXY)
[2025-09-03 23:28:35Z INFO HostContext] Well known directory 'Bin': '/home/runner/actions-runner/cached/bin'
[2025-09-03 23:28:35Z INFO HostContext] Well known directory 'Root': '/home/runner/actions-runner/cached'
[2025-09-03 23:28:35Z INFO HostContext] Well known config file 'Credentials': '/home/runner/actions-runner/cached/.credentials'
[2025-09-03 23:28:35Z INFO HostContext] Well known directory 'Bin': '/home/runner/actions-runner/cached/bin'
[2025-09-03 23:28:35Z INFO HostContext] Well known directory 'Root': '/home/runner/actions-runner/cached'
[2025-09-03 23:28:35Z INFO HostContext] Well known config file 'Runner': '/home/runner/actions-runner/cached/.runner'
[2025-09-03 23:28:35Z INFO Listener] Runner is built for Linux (X64) - linux-x64.
[2025-09-03 23:28:35Z INFO Listener] RuntimeInformation: Ubuntu 24.04.3 LTS.
[2025-09-03 23:28:35Z INFO Listener] Version: 2.328.0
[2025-09-03 23:28:35Z INFO Listener] Commit: 6f9a9110adce65f44ca6f7c0ae142b9cc6af937b
[2025-09-03 23:28:35Z INFO Listener] Culture: 
[2025-09-03 23:28:35Z INFO Listener] UI Culture: 
[2025-09-03 23:28:35Z INFO HostContext] Well known directory 'Bin': '/home/runner/actions-runner/cached/bin'
[2025-09-03 23:28:35Z INFO HostContext] Well known directory 'Root': '/home/runner/actions-runner/cached'
[2025-09-03 23:28:35Z INFO Listener] Validating directory permissions for: '/home/runner/actions-runner/cached'
[2025-09-03 23:28:35Z INFO CommandLineParser] Parse
[2025-09-03 23:28:35Z INFO CommandLineParser] Parsing 1 args
[2025-09-03 23:28:35Z INFO CommandLineParser] parsing argument
[2025-09-03 23:28:35Z INFO CommandLineParser] HasArgs: True
[2025-09-03 23:28:35Z INFO CommandLineParser] arg: version
[2025-09-03 23:28:35Z INFO Listener] Arguments parsed
[2025-09-03 23:28:35Z INFO Runner] ExecuteCommand
[2025-09-03 23:28:35Z INFO ConfigurationStore] currentAssemblyLocation: /home/runner/actions-runner/cached/bin/Runner.Listener.dll
[2025-09-03 23:28:35Z INFO HostContext] Well known directory 'Bin': '/home/runner/actions-runner/cached/bin'
[2025-09-03 23:28:35Z INFO ConfigurationStore] binPath: /home/runner/actions-runner/cached/bin
[2025-09-03 23:28:35Z INFO HostContext] Well known directory 'Bin': '/home/runner/actions-runner/cached/bin'
[2025-09-03 23:28:35Z INFO HostContext] Well known directory 'Root': '/home/runner/actions-runner/cached'
[2025-09-03 23:28:35Z INFO ConfigurationStore] RootFolder: /home/runner/actions-runner/cached
[2025-09-03 23:28:35Z INFO HostContext] Well known directory 'Bin': '/home/runner/actions-runner/cached/bin'
[2025-09-03 23:28:35Z INFO HostContext] Well known directory 'Root': '/home/runner/actions-runner/cached'
[2025-09-03 23:28:35Z INFO HostContext] Well known config file 'Runner': '/home/runner/actions-runner/cached/.runner'
[2025-09-03 23:28:35Z INFO ConfigurationStore] ConfigFilePath: /home/runner/actions-runner/cached/.runner
[2025-09-03 23:28:35Z INFO HostContext] Well known directory 'Bin': '/home/runner/actions-runner/cached/bin'
[2025-09-03 23:28:35Z INFO HostContext] Well known directory 'Root': '/home/runner/actions-runner/cached'
[2025-09-03 23:28:35Z INFO HostContext] Well known config file 'MigratedRunner': '/home/runner/actions-runner/cached/.runner_migrated'
[2025-09-03 23:28:35Z INFO ConfigurationStore] MigratedConfigFilePath: /home/runner/actions-runner/cached/.runner_migrated
[2025-09-03 23:28:35Z INFO HostContext] Well known directory 'Bin': '/home/runner/actions-runner/cached/bin'
[2025-09-03 23:28:35Z INFO HostContext] Well known directory 'Root': '/home/runner/actions-runner/cached'
[2025-09-03 23:28:35Z INFO HostContext] Well known config file 'Credentials': '/home/runner/actions-runner/cached/.credentials'
[2025-09-03 23:28:35Z INFO ConfigurationStore] CredFilePath: /home/runner/actions-runner/cached/.credentials
[2025-09-03 23:28:35Z INFO HostContext] Well known directory 'Bin': '/home/runner/actions-runner/cached/bin'
[2025-09-03 23:28:35Z INFO HostContext] Well known directory 'Root': '/home/runner/actions-runner/cached'
[2025-09-03 23:28:35Z INFO HostContext] Well known config file 'MigratedCredentials': '/home/runner/actions-runner/cached/.credentials_migrated'
[2025-09-03 23:28:35Z INFO ConfigurationStore] MigratedCredFilePath: /home/runner/actions-runner/cached/.credentials_migrated
[2025-09-03 23:28:35Z INFO HostContext] Well known directory 'Bin': '/home/runner/actions-runner/cached/bin'
[2025-09-03 23:28:35Z INFO HostContext] Well known directory 'Root': '/home/runner/actions-runner/cached'
[2025-09-03 23:28:35Z INFO HostContext] Well known config file 'Service': '/home/runner/actions-runner/cached/.service'
[2025-09-03 23:28:35Z INFO ConfigurationStore] ServiceConfigFilePath: /home/runner/actions-runner/cached/.service
[2025-09-03 23:28:35Z INFO CommandSettings] Flag 'help': 'False'
[2025-09-03 23:28:35Z INFO CommandSettings] Flag 'version': 'True'
[2025-09-03 23:28:35Z INFO Terminal] WRITE LINE: 2.328.0
[2025-09-03 23:28:35Z INFO Listener] Runner execution has finished with return code 0
[2025-09-03 23:28:35Z INFO HostContext] No proxy settings were found based on environmental variables (http_proxy/https_proxy/HTTP_PROXY/HTTPS_PROXY)
[2025-09-03 23:28:35Z INFO HostContext] Well known directory 'Bin': '/home/runner/actions-runner/cached/bin'
[2025-09-03 23:28:35Z INFO HostContext] Well known directory 'Root': '/home/runner/actions-runner/cached'
[2025-09-03 23:28:35Z INFO HostContext] Well known config file 'Credentials': '/home/runner/actions-runner/cached/.credentials'
[2025-09-03 23:28:35Z INFO HostContext] Pull OrchestrationId 85813ce6-3d3a-420e-9326-e55ab12811b4.check.__default from runner JWT claims
[2025-09-03 23:28:35Z INFO HostContext] Well known directory 'Bin': '/home/runner/actions-runner/cached/bin'
[2025-09-03 23:28:35Z INFO HostContext] Well known directory 'Root': '/home/runner/actions-runner/cached'
[2025-09-03 23:28:35Z INFO HostContext] Well known config file 'Runner': '/home/runner/actions-runner/cached/.runner'
[2025-09-03 23:28:35Z INFO Listener] Runner is built for Linux (X64) - linux-x64.
[2025-09-03 23:28:35Z INFO Listener] RuntimeInformation: Ubuntu 24.04.3 LTS.
[2025-09-03 23:28:35Z INFO Listener] Version: 2.328.0
[2025-09-03 23:28:35Z INFO Listener] Commit: 6f9a9110adce65f44ca6f7c0ae142b9cc6af937b
[2025-09-03 23:28:35Z INFO Listener] Culture: 
[2025-09-03 23:28:35Z INFO Listener] UI Culture: 
[2025-09-03 23:28:35Z INFO HostContext] Well known directory 'Bin': '/home/runner/actions-runner/cached/bin'
[2025-09-03 23:28:35Z INFO HostContext] Well known directory 'Root': '/home/runner/actions-runner/cached'
[2025-09-03 23:28:35Z INFO Listener] Validating directory permissions for: '/home/runner/actions-runner/cached'
[2025-09-03 23:28:35Z INFO CommandLineParser] Parse
[2025-09-03 23:28:35Z INFO CommandLineParser] Parsing 1 args
[2025-09-03 23:28:35Z INFO CommandLineParser] parsing argument
[2025-09-03 23:28:35Z INFO CommandLineParser] HasArgs: False
[2025-09-03 23:28:35Z INFO CommandLineParser] Adding Command: run
[2025-09-03 23:28:35Z INFO Listener] Arguments parsed
[2025-09-03 23:28:35Z INFO Runner] ExecuteCommand
[2025-09-03 23:28:35Z INFO ConfigurationStore] currentAssemblyLocation: /home/runner/actions-runner/cached/bin/Runner.Listener.dll
[2025-09-03 23:28:35Z INFO HostContext] Well known directory 'Bin': '/home/runner/actions-runner/cached/bin'
[2025-09-03 23:28:35Z INFO ConfigurationStore] binPath: /home/runner/actions-runner/cached/bin
[2025-09-03 23:28:35Z INFO HostContext] Well known directory 'Bin': '/home/runner/actions-runner/cached/bin'
[2025-09-03 23:28:35Z INFO HostContext] Well known directory 'Root': '/home/runner/actions-runner/cached'
[2025-09-03 23:28:35Z INFO ConfigurationStore] RootFolder: /home/runner/actions-runner/cached
[2025-09-03 23:28:35Z INFO HostContext] Well known directory 'Bin': '/home/runner/actions-runner/cached/bin'
[2025-09-03 23:28:35Z INFO HostContext] Well known directory 'Root': '/home/runner/actions-runner/cached'
[2025-09-03 23:28:35Z INFO HostContext] Well known config file 'Runner': '/home/runner/actions-runner/cached/.runner'
[2025-09-03 23:28:35Z INFO ConfigurationStore] ConfigFilePath: /home/runner/actions-runner/cached/.runner
[2025-09-03 23:28:35Z INFO HostContext] Well known directory 'Bin': '/home/runner/actions-runner/cached/bin'
[2025-09-03 23:28:35Z INFO HostContext] Well known directory 'Root': '/home/runner/actions-runner/cached'
[2025-09-03 23:28:35Z INFO HostContext] Well known config file 'MigratedRunner': '/home/runner/actions-runner/cached/.runner_migrated'
[2025-09-03 23:28:35Z INFO ConfigurationStore] MigratedConfigFilePath: /home/runner/actions-runner/cached/.runner_migrated
[2025-09-03 23:28:35Z INFO HostContext] Well known directory 'Bin': '/home/runner/actions-runner/cached/bin'
[2025-09-03 23:28:35Z INFO HostContext] Well known directory 'Root': '/home/runner/actions-runner/cached'
[2025-09-03 23:28:35Z INFO HostContext] Well known config file 'Credentials': '/home/runner/actions-runner/cached/.credentials'
[2025-09-03 23:28:35Z INFO ConfigurationStore] CredFilePath: /home/runner/actions-runner/cached/.credentials
[2025-09-03 23:28:35Z INFO HostContext] Well known directory 'Bin': '/home/runner/actions-runner/cached/bin'
[2025-09-03 23:28:35Z INFO HostContext] Well known directory 'Root': '/home/runner/actions-runner/cached'
[2025-09-03 23:28:35Z INFO HostContext] Well known config file 'MigratedCredentials': '/home/runner/actions-runner/cached/.credentials_migrated'
[2025-09-03 23:28:35Z INFO ConfigurationStore] MigratedCredFilePath: /home/runner/actions-runner/cached/.credentials_migrated
[2025-09-03 23:28:35Z INFO HostContext] Well known directory 'Bin': '/home/runner/actions-runner/cached/bin'
[2025-09-03 23:28:35Z INFO HostContext] Well known directory 'Root': '/home/runner/actions-runner/cached'
[2025-09-03 23:28:35Z INFO HostContext] Well known config file 'Service': '/home/runner/actions-runner/cached/.service'
[2025-09-03 23:28:35Z INFO ConfigurationStore] ServiceConfigFilePath: /home/runner/actions-runner/cached/.service
[2025-09-03 23:28:35Z INFO CommandSettings] Flag 'help': 'False'
[2025-09-03 23:28:35Z INFO CommandSettings] Flag 'version': 'False'
[2025-09-03 23:28:35Z INFO CommandSettings] Flag 'commit': 'False'
[2025-09-03 23:28:35Z INFO CommandSettings] Flag 'check': 'False'
[2025-09-03 23:28:35Z INFO CommandSettings] Command 'configure': 'False'
[2025-09-03 23:28:35Z INFO CommandSettings] Command 'remove': 'False'
[2025-09-03 23:28:35Z INFO CommandSettings] Command 'warmup': 'False'
[2025-09-03 23:28:35Z INFO ConfigurationManager] LoadSettings
[2025-09-03 23:28:35Z INFO ConfigurationStore] IsConfigured()
[2025-09-03 23:28:35Z INFO ConfigurationStore] IsConfigured: True
[2025-09-03 23:28:35Z INFO ConfigurationManager] Is configured: True
[2025-09-03 23:28:35Z INFO ConfigurationStore] Read setting file: 255 chars
[2025-09-03 23:28:35Z INFO ConfigurationManager] Settings Loaded
[2025-09-03 23:28:35Z INFO ConfigurationStore] IsServiceConfigured()
[2025-09-03 23:28:35Z INFO ConfigurationStore] IsServiceConfigured: False
[2025-09-03 23:28:35Z INFO CommandSettings] Command 'run': 'True'
[2025-09-03 23:28:35Z INFO ConfigurationStore] IsConfigured()
[2025-09-03 23:28:35Z INFO ConfigurationStore] IsConfigured: True
[2025-09-03 23:28:35Z INFO ConfigurationManager] Is configured: True
[2025-09-03 23:28:35Z INFO Runner] Could not parse the argument value '' for StartupType. Defaulting to Manual
[2025-09-03 23:28:35Z INFO Runner] Set runner startup type - Manual
[2025-09-03 23:28:35Z INFO CommandSettings] Flag 'once': 'False'
[2025-09-03 23:28:35Z INFO CommandSettings] Flag 'once': 'False'
[2025-09-03 23:28:35Z INFO Runner] RunAsync
[2025-09-03 23:28:35Z INFO ConfigurationManager] LoadMigratedSettings
[2025-09-03 23:28:35Z INFO ConfigurationStore] IsMigratedConfigured()
[2025-09-03 23:28:35Z INFO ConfigurationStore] IsMigratedConfigured: False
[2025-09-03 23:28:35Z INFO Runner] Failed to load migrated settings: No migrated configuration found.
[2025-09-03 23:28:35Z INFO Runner] Falling back to original .runner settings
[2025-09-03 23:28:35Z INFO Runner] Using BrokerMessageListener
[2025-09-03 23:28:35Z INFO BrokerMessageListener] Using provided settings
[2025-09-03 23:28:35Z INFO BrokerMessageListener] {
  "AgentId": 1000000189,
  "AgentName": "GitHub Actions 1000000189",
  "SkipSessionRecover": true,
  "ServerUrl": "",
  "WorkFolder": "/home/runner/work",
  "UseV2Flow": true,
  "ServerUrlV2": "https://broker.actions.githubusercontent.com"
}
[2025-09-03 23:28:35Z INFO BrokerMessageListener] Loading Credentials
[2025-09-03 23:28:35Z INFO ConfigurationStore] HasCredentials()
[2025-09-03 23:28:35Z INFO ConfigurationStore] stored True
[2025-09-03 23:28:35Z INFO CredentialManager] GetCredentialProvider
[2025-09-03 23:28:35Z INFO CredentialManager] Creating type OAuthAccessToken
[2025-09-03 23:28:35Z INFO CredentialManager] Creating credential type: OAuthAccessToken
[2025-09-03 23:28:35Z INFO OAuthAccessTokenCredential] GetVssCredentials
[2025-09-03 23:28:35Z INFO OAuthAccessTokenCredential] token retrieved: 1340 chars
[2025-09-03 23:28:35Z INFO OAuthAccessTokenCredential] cred created
[2025-09-03 23:28:35Z INFO BrokerMessageListener] Attempt to create session.
[2025-09-03 23:28:35Z INFO BrokerMessageListener] Connecting to the Broker Server...
[2025-09-03 23:28:35Z INFO ConfigurationStore] HasCredentials()
[2025-09-03 23:28:35Z INFO ConfigurationStore] stored True
[2025-09-03 23:28:35Z INFO CredentialManager] GetCredentialProvider
[2025-09-03 23:28:35Z INFO CredentialManager] Creating type OAuthAccessToken
[2025-09-03 23:28:35Z INFO CredentialManager] Creating credential type: OAuthAccessToken
[2025-09-03 23:28:35Z INFO OAuthAccessTokenCredential] GetVssCredentials
[2025-09-03 23:28:35Z INFO OAuthAccessTokenCredential] token retrieved: 1340 chars
[2025-09-03 23:28:35Z INFO OAuthAccessTokenCredential] cred created
[2025-09-03 23:28:35Z INFO BrokerMessageListener] VssConnection created
[2025-09-03 23:28:35Z INFO Terminal] WRITE LINE: 
[2025-09-03 23:28:35Z INFO Terminal] WRITE LINE: 
[2025-09-03 23:28:35Z INFO BrokerMessageListener] Session created.
[2025-09-03 23:28:35Z INFO Terminal] WRITE LINE: Current runner version: '2.328.0'
[2025-09-03 23:28:35Z INFO Terminal] WRITE LINE: 2025-09-03 23:28:35Z: Listening for Jobs
[2025-09-03 23:28:35Z INFO JobDispatcher] Set runner/worker IPC timeout to 30 seconds.
[2025-09-03 23:28:36Z INFO ConfigurationStore] HasCredentials()
[2025-09-03 23:28:36Z INFO ConfigurationStore] stored True
[2025-09-03 23:28:36Z INFO CredentialManager] GetCredentialProvider
[2025-09-03 23:28:36Z INFO CredentialManager] Creating type OAuthAccessToken
[2025-09-03 23:28:36Z INFO CredentialManager] Creating credential type: OAuthAccessToken
[2025-09-03 23:28:36Z INFO OAuthAccessTokenCredential] GetVssCredentials
[2025-09-03 23:28:36Z INFO OAuthAccessTokenCredential] token retrieved: 1340 chars
[2025-09-03 23:28:36Z INFO OAuthAccessTokenCredential] cred created
[2025-09-03 23:28:36Z INFO JobDispatcher] Job request 0 for plan 85813ce6-3d3a-420e-9326-e55ab12811b4 job bd20235d-c26d-566c-bbd0-a8b9b2907034 received.
[2025-09-03 23:28:36Z INFO JobDispatcher] Pull OrchestrationId 85813ce6-3d3a-420e-9326-e55ab12811b4.check.__default from JWT claims
[2025-09-03 23:28:36Z INFO BrokerMessageListener] Received job status event. JobState: Busy
[2025-09-03 23:28:36Z INFO BrokerMessageListener] _getMessagesTokenSource is already disposed.
[2025-09-03 23:28:36Z INFO Terminal] WRITE LINE: 2025-09-03 23:28:36Z: Running job: check
[2025-09-03 23:28:36Z INFO JobDispatcher] Start renew job request 0 for job bd20235d-c26d-566c-bbd0-a8b9b2907034.
[2025-09-03 23:28:36Z INFO JobDispatcher] Successfully renew job bd20235d-c26d-566c-bbd0-a8b9b2907034, job is valid till 09/04/2025 00:13:36
[2025-09-03 23:28:36Z INFO HostContext] Well known directory 'Bin': '/home/runner/actions-runner/cached/bin'
[2025-09-03 23:28:36Z INFO ProcessInvokerWrapper] Starting process:
[2025-09-03 23:28:36Z INFO ProcessInvokerWrapper]   File name: '/home/runner/actions-runner/cached/bin/Runner.Worker'
[2025-09-03 23:28:36Z INFO ProcessInvokerWrapper]   Arguments: 'spawnclient 142 145'
[2025-09-03 23:28:36Z INFO ProcessInvokerWrapper]   Working directory: '/home/runner/actions-runner/cached/bin'
[2025-09-03 23:28:36Z INFO ProcessInvokerWrapper]   Require exit code zero: 'False'
[2025-09-03 23:28:36Z INFO ProcessInvokerWrapper]   Encoding web name:  ; code page: ''
[2025-09-03 23:28:36Z INFO ProcessInvokerWrapper]   Force kill process on cancellation: 'True'
[2025-09-03 23:28:36Z INFO ProcessInvokerWrapper]   Redirected STDIN: 'False'
[2025-09-03 23:28:36Z INFO ProcessInvokerWrapper]   Persist current code page: 'False'
[2025-09-03 23:28:36Z INFO ProcessInvokerWrapper]   Keep redirected STDIN open: 'False'
[2025-09-03 23:28:36Z INFO ProcessInvokerWrapper]   High priority process: 'True'
[2025-09-03 23:28:36Z INFO ProcessInvokerWrapper] Process started with process id 1995, waiting for process exit.
[2025-09-03 23:28:36Z INFO JobDispatcher] Send job request message to worker for job bd20235d-c26d-566c-bbd0-a8b9b2907034.
[2025-09-03 23:28:36Z INFO ProcessChannel] Sending message of length 23468, with hash '84de58a6d07c032b5887529b5865c8a532faff0fb79faaf958476a8aeede4968'
[2025-09-03 23:28:36Z INFO JobNotification] Entering JobStarted Notification
[2025-09-03 23:28:36Z INFO JobNotification] Entering StartMonitor
[2025-09-03 23:29:37Z INFO JobDispatcher] Successfully renew job bd20235d-c26d-566c-bbd0-a8b9b2907034, job is valid till 09/04/2025 00:14:37
[2025-09-03 23:30:37Z INFO JobDispatcher] Successfully renew job bd20235d-c26d-566c-bbd0-a8b9b2907034, job is valid till 09/04/2025 00:15:37
[2025-09-03 23:31:37Z INFO JobDispatcher] Successfully renew job bd20235d-c26d-566c-bbd0-a8b9b2907034, job is valid till 09/04/2025 00:16:37
[2025-09-03 23:32:37Z INFO JobDispatcher] Successfully renew job bd20235d-c26d-566c-bbd0-a8b9b2907034, job is valid till 09/04/2025 00:17:37
[2025-09-03 23:33:37Z INFO JobDispatcher] Successfully renew job bd20235d-c26d-566c-bbd0-a8b9b2907034, job is valid till 09/04/2025 00:18:37
[2025-09-03 23:34:37Z INFO JobDispatcher] Successfully renew job bd20235d-c26d-566c-bbd0-a8b9b2907034, job is valid till 09/04/2025 00:19:37
[2025-09-03 23:35:37Z INFO JobDispatcher] Successfully renew job bd20235d-c26d-566c-bbd0-a8b9b2907034, job is valid till 09/04/2025 00:20:37
[2025-09-03 23:36:37Z INFO JobDispatcher] Successfully renew job bd20235d-c26d-566c-bbd0-a8b9b2907034, job is valid till 09/04/2025 00:21:37
